[2026-01-30T21:06:36.809+0000] {manager.py:483} INFO - Processing files using up to 2 processes at a time 
[2026-01-30T21:06:36.810+0000] {manager.py:484} INFO - Process each file at most once every 30 seconds
[2026-01-30T21:06:36.811+0000] {manager.py:485} INFO - Checking for new files in /opt/airflow/dags every 300 seconds
[2026-01-30T21:06:36.812+0000] {manager.py:821} INFO - Searching for files in /opt/airflow/dags
[2026-01-30T21:06:36.821+0000] {manager.py:824} INFO - There are 0 files in /opt/airflow/dags
[2026-01-30T21:11:37.610+0000] {manager.py:821} INFO - Searching for files in /opt/airflow/dags
[2026-01-30T21:11:37.615+0000] {manager.py:824} INFO - There are 0 files in /opt/airflow/dags
[2026-01-30T21:16:37.750+0000] {manager.py:821} INFO - Searching for files in /opt/airflow/dags
[2026-01-30T21:16:37.760+0000] {manager.py:824} INFO - There are 0 files in /opt/airflow/dags
[2026-01-30T21:21:38.048+0000] {manager.py:821} INFO - Searching for files in /opt/airflow/dags
[2026-01-30T21:21:38.067+0000] {manager.py:824} INFO - There are 0 files in /opt/airflow/dags
[2026-01-30T21:26:38.277+0000] {manager.py:821} INFO - Searching for files in /opt/airflow/dags
[2026-01-30T21:26:38.312+0000] {manager.py:824} INFO - There are 0 files in /opt/airflow/dags
[2026-01-30T21:31:38.402+0000] {manager.py:821} INFO - Searching for files in /opt/airflow/dags
[2026-01-30T21:31:38.451+0000] {manager.py:824} INFO - There are 1 files in /opt/airflow/dags
[2026-01-30T21:31:58.962+0000] {manager.py:997} INFO - 
================================================================================
DAG File Processing Stats

File Path                  PID    Runtime      # DAGs    # Errors  Last Runtime    Last Run               Last # of DB Queries
-------------------------  -----  ---------  --------  ----------  --------------  -------------------  ----------------------
/opt/airflow/dags/hola.py                           1           0  1.17s           2026-01-30T21:31:39                      45
================================================================================
[2026-01-30T21:32:29.619+0000] {manager.py:997} INFO - 
================================================================================
DAG File Processing Stats

File Path                  PID    Runtime      # DAGs    # Errors  Last Runtime    Last Run               Last # of DB Queries
-------------------------  -----  ---------  --------  ----------  --------------  -------------------  ----------------------
/opt/airflow/dags/hola.py                           1           0  0.17s           2026-01-30T21:32:10                      12
================================================================================
[2026-01-30T21:32:42.542+0000] {manager.py:465} INFO - Exiting gracefully upon receiving signal 15
[2026-01-30T21:33:08.746+0000] {manager.py:483} INFO - Processing files using up to 2 processes at a time 
[2026-01-30T21:33:08.747+0000] {manager.py:484} INFO - Process each file at most once every 30 seconds
[2026-01-30T21:33:08.747+0000] {manager.py:485} INFO - Checking for new files in /opt/airflow/dags every 300 seconds
[2026-01-30T21:33:08.747+0000] {manager.py:821} INFO - Searching for files in /opt/airflow/dags
[2026-01-30T21:33:08.777+0000] {manager.py:824} INFO - There are 1 files in /opt/airflow/dags
[2026-01-30T21:33:08.858+0000] {manager.py:997} INFO - 
================================================================================
DAG File Processing Stats

File Path                    PID  Runtime      # DAGs    # Errors  Last Runtime    Last Run      Last # of DB Queries
-------------------------  -----  ---------  --------  ----------  --------------  ----------  ----------------------
/opt/airflow/dags/hola.py     24  0.03s             0           0                                                   0
================================================================================
[2026-01-30T21:33:39.483+0000] {manager.py:997} INFO - 
================================================================================
DAG File Processing Stats

File Path                    PID  Runtime      # DAGs    # Errors  Last Runtime    Last Run               Last # of DB Queries
-------------------------  -----  ---------  --------  ----------  --------------  -------------------  ----------------------
/opt/airflow/dags/hola.py     36  0.01s             1           0  0.30s           2026-01-30T21:33:09                      12
================================================================================
[2026-01-30T21:33:44.535+0000] {manager.py:1291} WARNING - Skipping processing of missing file: /opt/airflow/dags/hola.py
[2026-01-30T21:38:09.086+0000] {manager.py:821} INFO - Searching for files in /opt/airflow/dags
[2026-01-30T21:38:09.104+0000] {manager.py:824} INFO - There are 0 files in /opt/airflow/dags
[2026-01-30T21:43:09.223+0000] {manager.py:821} INFO - Searching for files in /opt/airflow/dags
[2026-01-30T21:43:09.243+0000] {manager.py:824} INFO - There are 0 files in /opt/airflow/dags
[2026-01-30T21:48:09.500+0000] {manager.py:821} INFO - Searching for files in /opt/airflow/dags
[2026-01-30T21:48:09.522+0000] {manager.py:824} INFO - There are 0 files in /opt/airflow/dags
[2026-02-02T14:48:40.643+0000] {manager.py:483} INFO - Processing files using up to 2 processes at a time 
[2026-02-02T14:48:40.646+0000] {manager.py:484} INFO - Process each file at most once every 30 seconds
[2026-02-02T14:48:40.647+0000] {manager.py:485} INFO - Checking for new files in /opt/airflow/dags every 300 seconds
[2026-02-02T14:48:40.652+0000] {manager.py:821} INFO - Searching for files in /opt/airflow/dags
[2026-02-02T14:48:40.789+0000] {manager.py:824} INFO - There are 0 files in /opt/airflow/dags
[2026-02-02T14:53:41.546+0000] {manager.py:821} INFO - Searching for files in /opt/airflow/dags
[2026-02-02T14:53:41.571+0000] {manager.py:824} INFO - There are 0 files in /opt/airflow/dags
[2026-02-02T14:58:42.364+0000] {manager.py:821} INFO - Searching for files in /opt/airflow/dags
[2026-02-02T14:58:42.413+0000] {manager.py:824} INFO - There are 0 files in /opt/airflow/dags
[2026-02-02T15:03:42.406+0000] {manager.py:821} INFO - Searching for files in /opt/airflow/dags
[2026-02-02T15:03:42.442+0000] {manager.py:824} INFO - There are 0 files in /opt/airflow/dags
[2026-02-02T15:08:42.466+0000] {manager.py:821} INFO - Searching for files in /opt/airflow/dags
[2026-02-02T15:08:42.495+0000] {manager.py:824} INFO - There are 0 files in /opt/airflow/dags
[2026-02-02T15:13:42.744+0000] {manager.py:821} INFO - Searching for files in /opt/airflow/dags
[2026-02-02T15:13:42.815+0000] {manager.py:824} INFO - There are 0 files in /opt/airflow/dags
[2026-02-02T15:18:43.110+0000] {manager.py:821} INFO - Searching for files in /opt/airflow/dags
[2026-02-02T15:18:43.434+0000] {manager.py:824} INFO - There are 0 files in /opt/airflow/dags
[2026-02-02T15:23:43.188+0000] {manager.py:821} INFO - Searching for files in /opt/airflow/dags
[2026-02-02T15:23:43.231+0000] {manager.py:824} INFO - There are 0 files in /opt/airflow/dags
[2026-02-02T15:28:43.880+0000] {manager.py:821} INFO - Searching for files in /opt/airflow/dags
[2026-02-02T15:28:43.913+0000] {manager.py:824} INFO - There are 0 files in /opt/airflow/dags
[2026-02-02T15:33:44.608+0000] {manager.py:821} INFO - Searching for files in /opt/airflow/dags
[2026-02-02T15:33:44.653+0000] {manager.py:824} INFO - There are 0 files in /opt/airflow/dags
[2026-02-02T15:38:44.985+0000] {manager.py:821} INFO - Searching for files in /opt/airflow/dags
[2026-02-02T15:38:45.008+0000] {manager.py:824} INFO - There are 0 files in /opt/airflow/dags
[2026-02-02T15:43:45.775+0000] {manager.py:821} INFO - Searching for files in /opt/airflow/dags
[2026-02-02T15:43:45.796+0000] {manager.py:824} INFO - There are 0 files in /opt/airflow/dags
[2026-02-02T15:48:46.529+0000] {manager.py:821} INFO - Searching for files in /opt/airflow/dags
[2026-02-02T15:48:46.552+0000] {manager.py:824} INFO - There are 0 files in /opt/airflow/dags
[2026-02-02T15:53:47.795+0000] {manager.py:821} INFO - Searching for files in /opt/airflow/dags
[2026-02-02T15:53:47.894+0000] {manager.py:824} INFO - There are 0 files in /opt/airflow/dags
[2026-02-02T15:56:09.846+0000] {manager.py:465} INFO - Exiting gracefully upon receiving signal 15
[2026-02-02T15:58:00.067+0000] {manager.py:483} INFO - Processing files using up to 2 processes at a time 
[2026-02-02T15:58:00.068+0000] {manager.py:484} INFO - Process each file at most once every 30 seconds
[2026-02-02T15:58:00.069+0000] {manager.py:485} INFO - Checking for new files in /opt/airflow/dags every 300 seconds
[2026-02-02T15:58:00.070+0000] {manager.py:821} INFO - Searching for files in /opt/airflow/dags
[2026-02-02T15:58:00.096+0000] {manager.py:824} INFO - There are 0 files in /opt/airflow/dags
[2026-02-02T16:03:00.961+0000] {manager.py:821} INFO - Searching for files in /opt/airflow/dags
[2026-02-02T16:03:01.533+0000] {manager.py:824} INFO - There are 0 files in /opt/airflow/dags
[2026-02-02T16:08:01.582+0000] {manager.py:821} INFO - Searching for files in /opt/airflow/dags
[2026-02-02T16:08:01.612+0000] {manager.py:824} INFO - There are 0 files in /opt/airflow/dags
[2026-02-02T16:13:01.948+0000] {manager.py:821} INFO - Searching for files in /opt/airflow/dags
[2026-02-02T16:13:02.255+0000] {manager.py:824} INFO - There are 0 files in /opt/airflow/dags
[2026-02-02T16:18:02.541+0000] {manager.py:821} INFO - Searching for files in /opt/airflow/dags
[2026-02-02T16:18:02.584+0000] {manager.py:824} INFO - There are 0 files in /opt/airflow/dags
[2026-02-02T16:23:03.168+0000] {manager.py:821} INFO - Searching for files in /opt/airflow/dags
[2026-02-02T16:23:03.224+0000] {manager.py:824} INFO - There are 0 files in /opt/airflow/dags
[2026-02-02T16:28:03.613+0000] {manager.py:821} INFO - Searching for files in /opt/airflow/dags
[2026-02-02T16:28:03.637+0000] {manager.py:824} INFO - There are 0 files in /opt/airflow/dags
[2026-02-02T16:33:04.221+0000] {manager.py:821} INFO - Searching for files in /opt/airflow/dags
[2026-02-02T16:33:04.535+0000] {manager.py:824} INFO - There are 0 files in /opt/airflow/dags
[2026-02-02T16:38:04.798+0000] {manager.py:821} INFO - Searching for files in /opt/airflow/dags
[2026-02-02T16:38:04.822+0000] {manager.py:824} INFO - There are 0 files in /opt/airflow/dags
[2026-02-02T16:43:04.830+0000] {manager.py:821} INFO - Searching for files in /opt/airflow/dags
[2026-02-02T16:43:04.857+0000] {manager.py:824} INFO - There are 0 files in /opt/airflow/dags
[2026-02-02T16:48:05.624+0000] {manager.py:821} INFO - Searching for files in /opt/airflow/dags
[2026-02-02T16:48:05.659+0000] {manager.py:824} INFO - There are 0 files in /opt/airflow/dags
[2026-02-02T16:53:05.708+0000] {manager.py:821} INFO - Searching for files in /opt/airflow/dags
[2026-02-02T16:53:05.746+0000] {manager.py:824} INFO - There are 0 files in /opt/airflow/dags
[2026-02-02T16:58:06.269+0000] {manager.py:821} INFO - Searching for files in /opt/airflow/dags
[2026-02-02T16:58:06.305+0000] {manager.py:824} INFO - There are 0 files in /opt/airflow/dags
[2026-02-02T17:03:06.487+0000] {manager.py:821} INFO - Searching for files in /opt/airflow/dags
[2026-02-02T17:03:06.564+0000] {manager.py:824} INFO - There are 0 files in /opt/airflow/dags
[2026-02-02T17:08:07.279+0000] {manager.py:821} INFO - Searching for files in /opt/airflow/dags
[2026-02-02T17:08:07.302+0000] {manager.py:824} INFO - There are 0 files in /opt/airflow/dags
