2026-01-13 15:38:53,579 utils.logging main.py ==================================================
2026-01-13 15:38:53,580 utils.logging main.py Iniciando Pipeline ETL
2026-01-13 15:38:53,580 utils.logging extract_cities.py Iniciando Extraccion de Ciudades.
2026-01-13 15:38:55,247 utils.logging save_data_minio.py Creando Cliente Minio!
2026-01-13 15:38:55,259 utils.logging save_data_minio.py Bucket Encontrado Correctamente.
2026-01-13 15:38:55,374 utils.logging save_data_minio.py bronze/cities/cities_00000000.json Guardado Correctamente.
2026-01-13 15:38:55,375 utils.logging extract_cities.py Guardadas 1000 ciudades desde startRow=0 (Total: 1000)
2026-01-13 15:38:58,044 utils.logging save_data_minio.py Creando Cliente Minio!
2026-01-13 15:38:58,054 utils.logging save_data_minio.py Bucket Encontrado Correctamente.
2026-01-13 15:38:58,151 utils.logging save_data_minio.py bronze/cities/cities_00001000.json Guardado Correctamente.
2026-01-13 15:38:58,155 utils.logging extract_cities.py Guardadas 1000 ciudades desde startRow=1000 (Total: 2000)
2026-01-13 15:39:00,995 utils.logging save_data_minio.py Creando Cliente Minio!
2026-01-13 15:39:01,006 utils.logging save_data_minio.py Bucket Encontrado Correctamente.
2026-01-13 15:39:01,112 utils.logging save_data_minio.py bronze/cities/cities_00002000.json Guardado Correctamente.
2026-01-13 15:39:01,113 utils.logging extract_cities.py Guardadas 1000 ciudades desde startRow=2000 (Total: 3000)
2026-01-13 15:39:03,792 utils.logging save_data_minio.py Creando Cliente Minio!
2026-01-13 15:39:03,802 utils.logging save_data_minio.py Bucket Encontrado Correctamente.
2026-01-13 15:39:03,883 utils.logging save_data_minio.py bronze/cities/cities_00003000.json Guardado Correctamente.
2026-01-13 15:39:03,884 utils.logging extract_cities.py Guardadas 1000 ciudades desde startRow=3000 (Total: 4000)
2026-01-13 15:39:06,553 utils.logging save_data_minio.py Creando Cliente Minio!
2026-01-13 15:39:06,568 utils.logging save_data_minio.py Bucket Encontrado Correctamente.
2026-01-13 15:39:06,654 utils.logging save_data_minio.py bronze/cities/cities_00004000.json Guardado Correctamente.
2026-01-13 15:39:06,656 utils.logging extract_cities.py Guardadas 1000 ciudades desde startRow=4000 (Total: 5000)
2026-01-13 15:39:09,261 utils.logging save_data_minio.py Creando Cliente Minio!
2026-01-13 15:39:09,270 utils.logging save_data_minio.py Bucket Encontrado Correctamente.
2026-01-13 15:39:09,356 utils.logging save_data_minio.py bronze/cities/cities_00005000.json Guardado Correctamente.
2026-01-13 15:39:09,356 utils.logging extract_cities.py Guardadas 1000 ciudades desde startRow=5000 (Total: 6000)
2026-01-13 15:39:11,119 utils.logging extract_cities.py No hay mas ciudades. Extraccion completada con 6000 ciudades.
2026-01-13 15:39:11,760 utils.logging main.py ==================================================
2026-01-13 15:39:11,761 utils.logging main.py Iniciando Pipeline ETL
2026-01-13 15:39:11,761 utils.logging extract_cities.py Iniciando Extraccion de Ciudades.
2026-01-13 15:39:13,225 utils.logging save_data_minio.py Creando Cliente Minio!
2026-01-13 15:39:13,241 utils.logging save_data_minio.py Bucket Encontrado Correctamente.
2026-01-13 15:39:13,335 utils.logging save_data_minio.py bronze/cities/cities_00000000.json Guardado Correctamente.
2026-01-13 15:39:13,336 utils.logging extract_cities.py Guardadas 1000 ciudades desde startRow=0 (Total: 1000)
2026-01-13 15:39:15,996 utils.logging save_data_minio.py Creando Cliente Minio!
2026-01-13 15:39:16,008 utils.logging save_data_minio.py Bucket Encontrado Correctamente.
2026-01-13 15:39:16,088 utils.logging save_data_minio.py bronze/cities/cities_00001000.json Guardado Correctamente.
2026-01-13 15:39:16,088 utils.logging extract_cities.py Guardadas 1000 ciudades desde startRow=1000 (Total: 2000)
2026-01-13 15:39:18,722 utils.logging save_data_minio.py Creando Cliente Minio!
2026-01-13 15:39:18,732 utils.logging save_data_minio.py Bucket Encontrado Correctamente.
2026-01-13 15:39:18,817 utils.logging save_data_minio.py bronze/cities/cities_00002000.json Guardado Correctamente.
2026-01-13 15:39:18,817 utils.logging extract_cities.py Guardadas 1000 ciudades desde startRow=2000 (Total: 3000)
2026-01-13 15:39:21,374 utils.logging save_data_minio.py Creando Cliente Minio!
2026-01-13 15:39:21,395 utils.logging save_data_minio.py Bucket Encontrado Correctamente.
2026-01-13 15:39:21,492 utils.logging save_data_minio.py bronze/cities/cities_00003000.json Guardado Correctamente.
2026-01-13 15:39:21,493 utils.logging extract_cities.py Guardadas 1000 ciudades desde startRow=3000 (Total: 4000)
2026-01-13 15:39:24,022 utils.logging save_data_minio.py Creando Cliente Minio!
2026-01-13 15:39:24,031 utils.logging save_data_minio.py Bucket Encontrado Correctamente.
2026-01-13 15:39:24,113 utils.logging save_data_minio.py bronze/cities/cities_00004000.json Guardado Correctamente.
2026-01-13 15:39:24,113 utils.logging extract_cities.py Guardadas 1000 ciudades desde startRow=4000 (Total: 5000)
2026-01-13 15:39:26,678 utils.logging save_data_minio.py Creando Cliente Minio!
2026-01-13 15:39:26,686 utils.logging save_data_minio.py Bucket Encontrado Correctamente.
2026-01-13 15:39:26,768 utils.logging save_data_minio.py bronze/cities/cities_00005000.json Guardado Correctamente.
2026-01-13 15:39:26,769 utils.logging extract_cities.py Guardadas 1000 ciudades desde startRow=5000 (Total: 6000)
2026-01-13 15:39:28,248 utils.logging extract_cities.py No hay mas ciudades. Extraccion completada con 6000 ciudades.
2026-01-13 15:40:08,313 utils.logging main.py ==================================================
2026-01-13 15:40:08,331 utils.logging main.py Iniciando Pipeline ETL
2026-01-13 15:40:08,332 utils.logging extract_cities.py Iniciando Extraccion de Ciudades.
2026-01-13 15:40:09,998 utils.logging save_data_minio.py Creando Cliente Minio!
2026-01-13 15:40:10,013 utils.logging save_data_minio.py Bucket Encontrado Correctamente.
2026-01-13 15:40:10,105 utils.logging save_data_minio.py bronze/cities/cities_00000000.json Guardado Correctamente.
2026-01-13 15:40:10,105 utils.logging extract_cities.py Guardadas 1000 ciudades desde startRow=0 (Total: 1000)
2026-01-13 15:40:12,695 utils.logging save_data_minio.py Creando Cliente Minio!
2026-01-13 15:40:12,727 utils.logging save_data_minio.py Bucket Encontrado Correctamente.
2026-01-13 15:40:12,887 utils.logging save_data_minio.py bronze/cities/cities_00001000.json Guardado Correctamente.
2026-01-13 15:40:12,887 utils.logging extract_cities.py Guardadas 1000 ciudades desde startRow=1000 (Total: 2000)
2026-01-13 15:40:15,685 utils.logging save_data_minio.py Creando Cliente Minio!
2026-01-13 15:40:15,696 utils.logging save_data_minio.py Bucket Encontrado Correctamente.
2026-01-13 15:40:15,798 utils.logging save_data_minio.py bronze/cities/cities_00002000.json Guardado Correctamente.
2026-01-13 15:40:15,799 utils.logging extract_cities.py Guardadas 1000 ciudades desde startRow=2000 (Total: 3000)
2026-01-13 15:40:18,375 utils.logging save_data_minio.py Creando Cliente Minio!
2026-01-13 15:40:18,385 utils.logging save_data_minio.py Bucket Encontrado Correctamente.
2026-01-13 15:40:18,470 utils.logging save_data_minio.py bronze/cities/cities_00003000.json Guardado Correctamente.
2026-01-13 15:40:18,470 utils.logging extract_cities.py Guardadas 1000 ciudades desde startRow=3000 (Total: 4000)
2026-01-13 15:40:21,292 utils.logging save_data_minio.py Creando Cliente Minio!
2026-01-13 15:40:21,307 utils.logging save_data_minio.py Bucket Encontrado Correctamente.
2026-01-13 15:40:21,395 utils.logging save_data_minio.py bronze/cities/cities_00004000.json Guardado Correctamente.
2026-01-13 15:40:21,395 utils.logging extract_cities.py Guardadas 1000 ciudades desde startRow=4000 (Total: 5000)
2026-01-13 15:40:23,995 utils.logging save_data_minio.py Creando Cliente Minio!
2026-01-13 15:40:24,010 utils.logging save_data_minio.py Bucket Encontrado Correctamente.
2026-01-13 15:40:24,096 utils.logging save_data_minio.py bronze/cities/cities_00005000.json Guardado Correctamente.
2026-01-13 15:40:24,097 utils.logging extract_cities.py Guardadas 1000 ciudades desde startRow=5000 (Total: 6000)
2026-01-13 15:40:25,874 utils.logging extract_cities.py No hay mas ciudades. Extraccion completada con 6000 ciudades.
2026-01-13 15:40:41,055 utils.logging main.py ==================================================
2026-01-13 15:40:41,055 utils.logging main.py Iniciando Pipeline ETL
2026-01-13 15:40:41,055 utils.logging extract_cities.py Iniciando Extraccion de Ciudades.
2026-01-13 15:40:42,697 utils.logging save_data_minio.py Creando Cliente Minio!
2026-01-13 15:40:42,718 utils.logging save_data_minio.py Bucket Encontrado Correctamente.
2026-01-13 15:40:42,798 utils.logging save_data_minio.py bronze/cities/cities_00000000.json Guardado Correctamente.
2026-01-13 15:40:42,799 utils.logging extract_cities.py Guardadas 1000 ciudades desde startRow=0 (Total: 1000)
2026-01-13 15:40:45,405 utils.logging save_data_minio.py Creando Cliente Minio!
2026-01-13 15:40:45,412 utils.logging save_data_minio.py Bucket Encontrado Correctamente.
2026-01-13 15:40:45,514 utils.logging save_data_minio.py bronze/cities/cities_00001000.json Guardado Correctamente.
2026-01-13 15:40:45,514 utils.logging extract_cities.py Guardadas 1000 ciudades desde startRow=1000 (Total: 2000)
2026-01-13 15:40:48,232 utils.logging save_data_minio.py Creando Cliente Minio!
2026-01-13 15:40:48,245 utils.logging save_data_minio.py Bucket Encontrado Correctamente.
2026-01-13 15:40:48,337 utils.logging save_data_minio.py bronze/cities/cities_00002000.json Guardado Correctamente.
2026-01-13 15:40:48,337 utils.logging extract_cities.py Guardadas 1000 ciudades desde startRow=2000 (Total: 3000)
2026-01-13 15:40:50,781 utils.logging save_data_minio.py Creando Cliente Minio!
2026-01-13 15:40:50,791 utils.logging save_data_minio.py Bucket Encontrado Correctamente.
2026-01-13 15:40:50,871 utils.logging save_data_minio.py bronze/cities/cities_00003000.json Guardado Correctamente.
2026-01-13 15:40:50,871 utils.logging extract_cities.py Guardadas 1000 ciudades desde startRow=3000 (Total: 4000)
2026-01-13 15:40:53,610 utils.logging save_data_minio.py Creando Cliente Minio!
2026-01-13 15:40:53,625 utils.logging save_data_minio.py Bucket Encontrado Correctamente.
2026-01-13 15:40:53,714 utils.logging save_data_minio.py bronze/cities/cities_00004000.json Guardado Correctamente.
2026-01-13 15:40:53,714 utils.logging extract_cities.py Guardadas 1000 ciudades desde startRow=4000 (Total: 5000)
2026-01-13 15:40:56,386 utils.logging save_data_minio.py Creando Cliente Minio!
2026-01-13 15:40:56,400 utils.logging save_data_minio.py Bucket Encontrado Correctamente.
2026-01-13 15:40:56,494 utils.logging save_data_minio.py bronze/cities/cities_00005000.json Guardado Correctamente.
2026-01-13 15:40:56,495 utils.logging extract_cities.py Guardadas 1000 ciudades desde startRow=5000 (Total: 6000)
2026-01-13 15:40:58,232 utils.logging extract_cities.py No hay mas ciudades. Extraccion completada con 6000 ciudades.
