[2026-01-30T21:33:25.505+0000] {local_task_job_runner.py:123} INFO - ::group::Pre task execution logs
[2026-01-30T21:33:25.534+0000] {taskinstance.py:2612} INFO - Dependencies all met for dep_context=non-requeueable deps ti=<TaskInstance: mi_primer_hola_mundo.imprimir_saludo scheduled__2026-01-29T00:00:00+00:00 [queued]>
[2026-01-30T21:33:25.546+0000] {taskinstance.py:2612} INFO - Dependencies all met for dep_context=requeueable deps ti=<TaskInstance: mi_primer_hola_mundo.imprimir_saludo scheduled__2026-01-29T00:00:00+00:00 [queued]>
[2026-01-30T21:33:25.547+0000] {taskinstance.py:2865} INFO - Starting attempt 1 of 1
[2026-01-30T21:33:25.572+0000] {taskinstance.py:2888} INFO - Executing <Task(PythonOperator): imprimir_saludo> on 2026-01-29 00:00:00+00:00
[2026-01-30T21:33:25.584+0000] {warnings.py:112} WARNING - /home/***/.local/lib/python3.12/site-packages/***/task/task_runner/standard_task_runner.py:70: DeprecationWarning: This process (pid=376) is multi-threaded, use of fork() may lead to deadlocks in the child.
  pid = os.fork()

[2026-01-30T21:33:25.587+0000] {standard_task_runner.py:104} INFO - Running: ['***', 'tasks', 'run', 'mi_primer_hola_mundo', 'imprimir_saludo', 'scheduled__2026-01-29T00:00:00+00:00', '--job-id', '5', '--raw', '--subdir', 'DAGS_FOLDER/hola.py', '--cfg-path', '/tmp/tmpidswgpjz']
[2026-01-30T21:33:25.588+0000] {standard_task_runner.py:72} INFO - Started process 378 to run task
[2026-01-30T21:33:25.590+0000] {standard_task_runner.py:105} INFO - Job 5: Subtask imprimir_saludo
[2026-01-30T21:33:25.697+0000] {task_command.py:467} INFO - Running <TaskInstance: mi_primer_hola_mundo.imprimir_saludo scheduled__2026-01-29T00:00:00+00:00 [running]> on host 5a29aa2af283
[2026-01-30T21:33:25.913+0000] {taskinstance.py:3131} INFO - Exporting env vars: AIRFLOW_CTX_DAG_OWNER='***' AIRFLOW_CTX_DAG_ID='mi_primer_hola_mundo' AIRFLOW_CTX_TASK_ID='imprimir_saludo' AIRFLOW_CTX_EXECUTION_DATE='2026-01-29T00:00:00+00:00' AIRFLOW_CTX_TRY_NUMBER='1' AIRFLOW_CTX_DAG_RUN_ID='scheduled__2026-01-29T00:00:00+00:00'
[2026-01-30T21:33:25.917+0000] {taskinstance.py:731} INFO - ::endgroup::
[2026-01-30T21:33:25.990+0000] {logging_mixin.py:190} INFO - ¡Hola mundo desde mi primer pipeline!
[2026-01-30T21:33:25.990+0000] {python.py:240} INFO - Done. Returned value was: None
[2026-01-30T21:33:26.006+0000] {taskinstance.py:340} INFO - ::group::Post task execution logs
[2026-01-30T21:33:26.006+0000] {taskinstance.py:352} INFO - Marking task as SUCCESS. dag_id=mi_primer_hola_mundo, task_id=imprimir_saludo, run_id=scheduled__2026-01-29T00:00:00+00:00, execution_date=20260129T000000, start_date=20260130T213325, end_date=20260130T213326
[2026-01-30T21:33:26.075+0000] {local_task_job_runner.py:266} INFO - Task exited with return code 0
[2026-01-30T21:33:26.102+0000] {taskinstance.py:3900} INFO - 0 downstream tasks scheduled from follow-on schedule check
[2026-01-30T21:33:26.105+0000] {local_task_job_runner.py:245} INFO - ::endgroup::
